[13:28:47.684] INFO  [THUNK ] === Xbox Kernel Replacement Layer initializing ===
[13:28:47.684] INFO  [THUNK ] Kernel version: 1.0.5849.1 (emulated)
[13:28:47.684] ERROR [THUNK ] Unresolved kernel ordinal 144
[13:28:47.684] ERROR [THUNK ] Unresolved kernel ordinal 206
[13:28:47.684] ERROR [THUNK ] Unresolved kernel ordinal 157
[13:28:47.684] ERROR [THUNK ] Unresolved kernel ordinal 285
[13:28:47.684] ERROR [THUNK ] Unresolved kernel ordinal 268
[13:28:47.684] ERROR [THUNK ] Unresolved kernel ordinal 191
[13:28:47.684] ERROR [THUNK ] Unresolved kernel ordinal 227
[13:28:47.684] ERROR [THUNK ] Unresolved kernel ordinal 223
[13:28:47.684] ERROR [THUNK ] Unresolved kernel ordinal 243
[13:28:47.684] ERROR [THUNK ] Unresolved kernel ordinal 205
[13:28:47.684] ERROR [THUNK ] Unresolved kernel ordinal 30
[13:28:47.684] ERROR [THUNK ] Unresolved kernel ordinal 22
[13:28:47.684] ERROR [THUNK ] Unresolved kernel ordinal 230
[13:28:47.684] ERROR [THUNK ] Unresolved kernel ordinal 194
[13:28:47.684] ERROR [THUNK ] Unresolved kernel ordinal 31
[13:28:47.684] ERROR [THUNK ] Unresolved kernel ordinal 229
[13:28:47.684] ERROR [THUNK ] Unresolved kernel ordinal 185
[13:28:47.684] ERROR [THUNK ] Unresolved kernel ordinal 232
[13:28:47.684] ERROR [THUNK ] Unresolved kernel ordinal 220
[13:28:47.684] ERROR [THUNK ] Unresolved kernel ordinal 237
[13:28:47.684] ERROR [THUNK ] Unresolved kernel ordinal 76
[13:28:47.684] ERROR [THUNK ] Unresolved kernel ordinal 270
[13:28:47.684] ERROR [THUNK ] Unresolved kernel ordinal 37
[13:28:47.684] ERROR [THUNK ] Unresolved kernel ordinal 35
[13:28:47.684] ERROR [THUNK ] Unresolved kernel ordinal 204
[13:28:47.684] ERROR [THUNK ] Unresolved kernel ordinal 286
[13:28:47.684] ERROR [THUNK ] Unresolved kernel ordinal 91
[13:28:47.684] ERROR [THUNK ] Unresolved kernel ordinal 0
[13:28:47.684] ERROR [THUNK ] Unresolved kernel ordinal 0
[13:28:47.684] ERROR [THUNK ] Unresolved kernel ordinal 0
[13:28:47.684] ERROR [THUNK ] Unresolved kernel ordinal 0
[13:28:47.684] ERROR [THUNK ] Unresolved kernel ordinal 0
[13:28:47.684] ERROR [THUNK ] Unresolved kernel ordinal 0
[13:28:47.684] ERROR [THUNK ] Unresolved kernel ordinal 0
[13:28:47.684] ERROR [THUNK ] Unresolved kernel ordinal 0
[13:28:47.684] ERROR [THUNK ] Unresolved kernel ordinal 0
[13:28:47.684] ERROR [THUNK ] Unresolved kernel ordinal 0
[13:28:47.684] ERROR [THUNK ] Unresolved kernel ordinal 0
[13:28:47.684] ERROR [THUNK ] Unresolved kernel ordinal 0
[13:28:47.684] ERROR [THUNK ] Unresolved kernel ordinal 0
[13:28:47.684] ERROR [THUNK ] Unresolved kernel ordinal 0
[13:28:47.684] ERROR [THUNK ] Unresolved kernel ordinal 0
[13:28:47.684] ERROR [THUNK ] Unresolved kernel ordinal 0
[13:28:47.684] ERROR [THUNK ] Unresolved kernel ordinal 0
[13:28:47.684] ERROR [THUNK ] Unresolved kernel ordinal 0
[13:28:47.684] ERROR [THUNK ] Unresolved kernel ordinal 0
[13:28:47.684] ERROR [THUNK ] Unresolved kernel ordinal 0
[13:28:47.684] ERROR [THUNK ] Unresolved kernel ordinal 0
[13:28:47.684] ERROR [THUNK ] Unresolved kernel ordinal 0
[13:28:47.684] ERROR [THUNK ] Unresolved kernel ordinal 0
[13:28:47.684] ERROR [THUNK ] Unresolved kernel ordinal 0
[13:28:47.684] ERROR [THUNK ] Unresolved kernel ordinal 0
[13:28:47.684] ERROR [THUNK ] Unresolved kernel ordinal 0
[13:28:47.684] ERROR [THUNK ] Unresolved kernel ordinal 0
[13:28:47.684] ERROR [THUNK ] Unresolved kernel ordinal 0
[13:28:47.684] ERROR [THUNK ] Unresolved kernel ordinal 0
[13:28:47.684] ERROR [THUNK ] Unresolved kernel ordinal 0
[13:28:47.684] ERROR [THUNK ] Unresolved kernel ordinal 0
[13:28:47.684] ERROR [THUNK ] Unresolved kernel ordinal 0
[13:28:47.684] ERROR [THUNK ] Unresolved kernel ordinal 0
[13:28:47.684] ERROR [THUNK ] Unresolved kernel ordinal 0
[13:28:47.684] ERROR [THUNK ] Unresolved kernel ordinal 0
[13:28:47.684] ERROR [THUNK ] Unresolved kernel ordinal 0
[13:28:47.684] ERROR [THUNK ] Unresolved kernel ordinal 0
[13:28:47.684] ERROR [THUNK ] Unresolved kernel ordinal 0
[13:28:47.684] ERROR [THUNK ] Unresolved kernel ordinal 0
[13:28:47.684] ERROR [THUNK ] Unresolved kernel ordinal 0
[13:28:47.684] ERROR [THUNK ] Unresolved kernel ordinal 0
[13:28:47.684] ERROR [THUNK ] Unresolved kernel ordinal 0
[13:28:47.684] ERROR [THUNK ] Unresolved kernel ordinal 0
[13:28:47.684] ERROR [THUNK ] Unresolved kernel ordinal 0
[13:28:47.684] ERROR [THUNK ] Unresolved kernel ordinal 0
[13:28:47.684] ERROR [THUNK ] Unresolved kernel ordinal 0
[13:28:47.684] ERROR [THUNK ] Unresolved kernel ordinal 0
[13:28:47.684] ERROR [THUNK ] Unresolved kernel ordinal 0
[13:28:47.684] ERROR [THUNK ] Unresolved kernel ordinal 0
[13:28:47.684] ERROR [THUNK ] Unresolved kernel ordinal 0
[13:28:47.684] ERROR [THUNK ] Unresolved kernel ordinal 0
[13:28:47.684] ERROR [THUNK ] Unresolved kernel ordinal 0
[13:28:47.684] ERROR [THUNK ] Unresolved kernel ordinal 0
[13:28:47.684] ERROR [THUNK ] Unresolved kernel ordinal 0
[13:28:47.684] ERROR [THUNK ] Unresolved kernel ordinal 0
[13:28:47.684] ERROR [THUNK ] Unresolved kernel ordinal 0
[13:28:47.684] ERROR [THUNK ] Unresolved kernel ordinal 0
[13:28:47.684] ERROR [THUNK ] Unresolved kernel ordinal 0
[13:28:47.684] ERROR [THUNK ] Unresolved kernel ordinal 0
[13:28:47.684] ERROR [THUNK ] Unresolved kernel ordinal 0
[13:28:47.684] ERROR [THUNK ] Unresolved kernel ordinal 0
[13:28:47.684] ERROR [THUNK ] Unresolved kernel ordinal 0
[13:28:47.684] ERROR [THUNK ] Unresolved kernel ordinal 0
[13:28:47.684] ERROR [THUNK ] Unresolved kernel ordinal 0
[13:28:47.684] ERROR [THUNK ] Unresolved kernel ordinal 0
[13:28:47.684] ERROR [THUNK ] Unresolved kernel ordinal 0
[13:28:47.684] ERROR [THUNK ] Unresolved kernel ordinal 0
[13:28:47.684] ERROR [THUNK ] Unresolved kernel ordinal 0
[13:28:47.684] ERROR [THUNK ] Unresolved kernel ordinal 0
[13:28:47.684] ERROR [THUNK ] Unresolved kernel ordinal 0
[13:28:47.684] ERROR [THUNK ] Unresolved kernel ordinal 0
[13:28:47.684] ERROR [THUNK ] Unresolved kernel ordinal 0
[13:28:47.684] ERROR [THUNK ] Unresolved kernel ordinal 0
[13:28:47.684] ERROR [THUNK ] Unresolved kernel ordinal 0
[13:28:47.684] ERROR [THUNK ] Unresolved kernel ordinal 0
[13:28:47.684] ERROR [THUNK ] Unresolved kernel ordinal 0
[13:28:47.684] ERROR [THUNK ] Unresolved kernel ordinal 0
[13:28:47.684] ERROR [THUNK ] Unresolved kernel ordinal 0
[13:28:47.684] ERROR [THUNK ] Unresolved kernel ordinal 0
[13:28:47.684] ERROR [THUNK ] Unresolved kernel ordinal 0
[13:28:47.684] ERROR [THUNK ] Unresolved kernel ordinal 0
[13:28:47.684] ERROR [THUNK ] Unresolved kernel ordinal 0
[13:28:47.684] ERROR [THUNK ] Unresolved kernel ordinal 0
[13:28:47.684] ERROR [THUNK ] Unresolved kernel ordinal 0
[13:28:47.684] ERROR [THUNK ] Unresolved kernel ordinal 0
[13:28:47.684] ERROR [THUNK ] Unresolved kernel ordinal 0
[13:28:47.684] ERROR [THUNK ] Unresolved kernel ordinal 0
[13:28:47.684] ERROR [THUNK ] Unresolved kernel ordinal 0
[13:28:47.684] ERROR [THUNK ] Unresolved kernel ordinal 0
[13:28:47.684] ERROR [THUNK ] Unresolved kernel ordinal 0
[13:28:47.684] ERROR [THUNK ] Unresolved kernel ordinal 0
[13:28:47.684] ERROR [THUNK ] Unresolved kernel ordinal 0
[13:28:47.684] ERROR [THUNK ] Unresolved kernel ordinal 0
[13:28:47.684] ERROR [THUNK ] Unresolved kernel ordinal 0
[13:28:47.684] ERROR [THUNK ] Unresolved kernel ordinal 0
[13:28:47.684] ERROR [THUNK ] Unresolved kernel ordinal 0
[13:28:47.684] ERROR [THUNK ] Unresolved kernel ordinal 0
[13:28:47.684] ERROR [THUNK ] Unresolved kernel ordinal 0
[13:28:47.684] ERROR [THUNK ] Unresolved kernel ordinal 0
[13:28:47.684] ERROR [THUNK ] Unresolved kernel ordinal 0
[13:28:47.684] ERROR [THUNK ] Unresolved kernel ordinal 0
[13:28:47.684] ERROR [THUNK ] Unresolved kernel ordinal 0
[13:28:47.684] ERROR [THUNK ] Unresolved kernel ordinal 0
[13:28:47.684] ERROR [THUNK ] Unresolved kernel ordinal 0
[13:28:47.684] ERROR [THUNK ] Unresolved kernel ordinal 0
[13:28:47.684] ERROR [THUNK ] Unresolved kernel ordinal 0
[13:28:47.684] ERROR [THUNK ] Unresolved kernel ordinal 0
[13:28:47.684] ERROR [THUNK ] Unresolved kernel ordinal 0
[13:28:47.684] ERROR [THUNK ] Unresolved kernel ordinal 0
[13:28:47.684] ERROR [THUNK ] Unresolved kernel ordinal 0
[13:28:47.684] ERROR [THUNK ] Unresolved kernel ordinal 0
[13:28:47.684] ERROR [THUNK ] Unresolved kernel ordinal 0
[13:28:47.684] ERROR [THUNK ] Unresolved kernel ordinal 0
[13:28:47.684] ERROR [THUNK ] Unresolved kernel ordinal 0
[13:28:47.684] ERROR [THUNK ] Unresolved kernel ordinal 0
[13:28:47.684] ERROR [THUNK ] Unresolved kernel ordinal 0
[13:28:47.684] ERROR [THUNK ] Unresolved kernel ordinal 0
[13:28:47.684] ERROR [THUNK ] Unresolved kernel ordinal 0
[13:28:47.684] ERROR [THUNK ] Unresolved kernel ordinal 0
[13:28:47.684] ERROR [THUNK ] Unresolved kernel ordinal 0
[13:28:47.684] ERROR [THUNK ] Unresolved kernel ordinal 0
[13:28:47.684] ERROR [THUNK ] Unresolved kernel ordinal 0
[13:28:47.684] ERROR [THUNK ] Unresolved kernel ordinal 0
[13:28:47.684] ERROR [THUNK ] Unresolved kernel ordinal 0
[13:28:47.684] ERROR [THUNK ] Unresolved kernel ordinal 0
[13:28:47.684] ERROR [THUNK ] Unresolved kernel ordinal 0
[13:28:47.684] ERROR [THUNK ] Unresolved kernel ordinal 0
[13:28:47.684] ERROR [THUNK ] Unresolved kernel ordinal 0
[13:28:47.684] ERROR [THUNK ] Unresolved kernel ordinal 0
[13:28:47.684] ERROR [THUNK ] Unresolved kernel ordinal 0
[13:28:47.684] ERROR [THUNK ] Unresolved kernel ordinal 0
[13:28:47.684] ERROR [THUNK ] Unresolved kernel ordinal 0
[13:28:47.684] ERROR [THUNK ] Unresolved kernel ordinal 0
[13:28:47.684] ERROR [THUNK ] Unresolved kernel ordinal 0
[13:28:47.684] ERROR [THUNK ] Unresolved kernel ordinal 0
[13:28:47.684] ERROR [THUNK ] Unresolved kernel ordinal 0
[13:28:47.684] ERROR [THUNK ] Unresolved kernel ordinal 0
[13:28:47.684] ERROR [THUNK ] Unresolved kernel ordinal 0
[13:28:47.684] ERROR [THUNK ] Unresolved kernel ordinal 0
[13:28:47.684] ERROR [THUNK ] Unresolved kernel ordinal 0
[13:28:47.684] ERROR [THUNK ] Unresolved kernel ordinal 0
[13:28:47.684] ERROR [THUNK ] Unresolved kernel ordinal 0
[13:28:47.684] ERROR [THUNK ] Unresolved kernel ordinal 0
[13:28:47.684] ERROR [THUNK ] Unresolved kernel ordinal 0
[13:28:47.684] ERROR [THUNK ] Unresolved kernel ordinal 0
[13:28:47.684] ERROR [THUNK ] Unresolved kernel ordinal 0
[13:28:47.684] ERROR [THUNK ] Unresolved kernel ordinal 0
[13:28:47.684] ERROR [THUNK ] Unresolved kernel ordinal 0
[13:28:47.684] ERROR [THUNK ] Unresolved kernel ordinal 0
[13:28:47.684] ERROR [THUNK ] Unresolved kernel ordinal 0
[13:28:47.684] ERROR [THUNK ] Unresolved kernel ordinal 0
[13:28:47.684] ERROR [THUNK ] Unresolved kernel ordinal 0
[13:28:47.684] ERROR [THUNK ] Unresolved kernel ordinal 0
[13:28:47.684] ERROR [THUNK ] Unresolved kernel ordinal 0
[13:28:47.684] ERROR [THUNK ] Unresolved kernel ordinal 0
[13:28:47.684] ERROR [THUNK ] Unresolved kernel ordinal 0
[13:28:47.684] ERROR [THUNK ] Unresolved kernel ordinal 0
[13:28:47.684] ERROR [THUNK ] Unresolved kernel ordinal 0
[13:28:47.684] ERROR [THUNK ] Unresolved kernel ordinal 0
[13:28:47.684] ERROR [THUNK ] Unresolved kernel ordinal 0
[13:28:47.684] ERROR [THUNK ] Unresolved kernel ordinal 0
[13:28:47.684] ERROR [THUNK ] Unresolved kernel ordinal 0
[13:28:47.684] ERROR [THUNK ] Unresolved kernel ordinal 0
[13:28:47.684] ERROR [THUNK ] Unresolved kernel ordinal 0
[13:28:47.684] ERROR [THUNK ] Unresolved kernel ordinal 0
[13:28:47.684] ERROR [THUNK ] Unresolved kernel ordinal 0
[13:28:47.684] ERROR [THUNK ] Unresolved kernel ordinal 0
[13:28:47.684] ERROR [THUNK ] Unresolved kernel ordinal 0
[13:28:47.684] ERROR [THUNK ] Unresolved kernel ordinal 0
[13:28:47.684] ERROR [THUNK ] Unresolved kernel ordinal 0
[13:28:47.684] ERROR [THUNK ] Unresolved kernel ordinal 0
[13:28:47.684] ERROR [THUNK ] Unresolved kernel ordinal 0
[13:28:47.684] ERROR [THUNK ] Unresolved kernel ordinal 0
[13:28:47.684] ERROR [THUNK ] Unresolved kernel ordinal 0
[13:28:47.684] ERROR [THUNK ] Unresolved kernel ordinal 0
[13:28:47.684] ERROR [THUNK ] Unresolved kernel ordinal 0
[13:28:47.684] ERROR [THUNK ] Unresolved kernel ordinal 0
[13:28:47.684] ERROR [THUNK ] Unresolved kernel ordinal 0
[13:28:47.684] ERROR [THUNK ] Unresolved kernel ordinal 0
[13:28:47.684] ERROR [THUNK ] Unresolved kernel ordinal 0
[13:28:47.684] ERROR [THUNK ] Unresolved kernel ordinal 0
[13:28:47.684] ERROR [THUNK ] Unresolved kernel ordinal 0
[13:28:47.684] ERROR [THUNK ] Unresolved kernel ordinal 0
[13:28:47.684] ERROR [THUNK ] Unresolved kernel ordinal 0
[13:28:47.684] ERROR [THUNK ] Unresolved kernel ordinal 0
[13:28:47.684] ERROR [THUNK ] Unresolved kernel ordinal 0
[13:28:47.684] ERROR [THUNK ] Unresolved kernel ordinal 0
[13:28:47.684] ERROR [THUNK ] Unresolved kernel ordinal 0
[13:28:47.684] ERROR [THUNK ] Unresolved kernel ordinal 0
[13:28:47.684] ERROR [THUNK ] Unresolved kernel ordinal 0
[13:28:47.684] ERROR [THUNK ] Unresolved kernel ordinal 0
[13:28:47.684] ERROR [THUNK ] Unresolved kernel ordinal 0
[13:28:47.684] INFO  [THUNK ] Thunk table: 159/378 resolved, 219 unresolved
[13:28:47.684] WARN  [THUNK ] WARNING: 219 kernel imports are unresolved - game may crash!
[13:28:47.684] INFO  [THUNK ] === Xbox Kernel Replacement Layer ready ===
[13:28:47.687] INFO  [PATH  ] Path init: game=E:/NFL2K5-PC/original/disc, save=E:/NFL2K5-PC/saves
[13:28:47.776] INFO  [FILE  ] NtCreateFile: directory open of a device image, using its containing directory instead
[13:28:47.829] INFO  [FILE  ] NtCreateFile: directory open of a device image, using its containing directory instead
[13:28:47.830] WARN  [FILE  ] NtCreateFile FAILED: E:/NFL2K5-PC/original/disc\TDATA\53450030\$u\contentmeta.xbx (err=3)
[13:28:47.836] INFO  [HAL   ] AvSetDisplayMode: step=0 mode=0x801010D format=0x12 pitch=2560 fb=0x14000
[13:28:47.836] WARN  [HAL   ] AvSendTVEncoderOption: unknown option 0x0F
[13:28:48.083] WARN  [XBOX  ] ExQueryNonVolatileSetting: unhandled index 0x103
[13:28:48.083] WARN  [XBOX  ] ExQueryNonVolatileSetting: unhandled index 0x103
[13:28:48.083] WARN  [XBOX  ] ExQueryNonVolatileSetting: unhandled index 0x103
[13:28:48.083] WARN  [XBOX  ] ExQueryNonVolatileSetting: unhandled index 0x103
[13:28:48.083] WARN  [XBOX  ] ExQueryNonVolatileSetting: unhandled index 0x103
[13:28:48.091] WARN  [PATH  ] Unrecognized Xbox path: F:\
[13:28:48.091] INFO  [HAL   ] AvSetDisplayMode: step=0 mode=0x802020E format=0x12 pitch=3072 fb=0x367C000
[13:28:48.091] WARN  [HAL   ] AvSendTVEncoderOption: unknown option 0x0F
[13:28:48.092] WARN  [PATH  ] Unrecognized Xbox path: G:\
[13:28:48.096] WARN  [FILE  ] NtCreateFile FAILED: G:\ (err=21)
[13:28:48.096] WARN  [PATH  ] Unrecognized Xbox path: H:\
[13:28:48.096] WARN  [FILE  ] NtCreateFile FAILED: H:\ (err=3)
[13:28:48.096] WARN  [PATH  ] Unrecognized Xbox path: I:\
[13:28:48.096] WARN  [FILE  ] NtCreateFile FAILED: I:\ (err=3)
[13:28:48.097] WARN  [PATH  ] Unrecognized Xbox path: J:\
[13:28:48.097] WARN  [FILE  ] NtCreateFile FAILED: J:\ (err=3)
[13:28:48.097] WARN  [PATH  ] Unrecognized Xbox path: K:\
[13:28:48.097] WARN  [FILE  ] NtCreateFile FAILED: K:\ (err=3)
[13:28:48.097] WARN  [PATH  ] Unrecognized Xbox path: L:\
[13:28:48.097] WARN  [FILE  ] NtCreateFile FAILED: L:\ (err=3)
[13:28:48.097] WARN  [PATH  ] Unrecognized Xbox path: M:\
[13:28:48.097] WARN  [FILE  ] NtCreateFile FAILED: M:\ (err=3)
[13:28:48.103] WARN  [XBOX  ] ExQueryNonVolatileSetting: unhandled index 0xFFFF
[13:28:48.109] WARN  [XBOX  ] ExQueryNonVolatileSetting: unhandled index 0x101
[13:28:48.196] INFO  [FILE  ] NtCreateFile: directory open of a device image, using its containing directory instead
