Created QEMU launch parameters: E:\xemu-0.8.136-windows-x86_64\xemu.exe -machine xbox,bootrom=E:\Xbox-Emulator-Files\mcpx\mcpx_1.0.bin,kernel-irqchip=off,avpack=hdtv -device smbus-storage,file=C:\Users\MJBAMA2010\AppData\Roaming\xemu\xemu\eeprom.bin -bios E:\Xbox-Emulator-Files\bios\Complex_4627.bin -m 64 -drive index=0,media=disk,file=E:\Xbox-Emulator-Files\hdd\xbox_hdd.qcow2,locked=on -drive index=1,media=cdrom,file=E:\NFL2K5-PC\original\NFL2K5.xiso.iso -display xemu -device usb-hub,port=1,ports=4 
xemu_version: 0.8.136
xemu_commit: fc24584ce88f0915ad7f04775bb7712c2e3f49ee
xemu_date: Mon Jun  8 05:42:55 UTC 2026
xemu_settings_set_path: config path: E:\NFL2K5-PC\config\xemu-play.toml
nvapi: Saved settings
CPU: Intel(R) Xeon(R) W-2235 CPU @ 3.80GHz
OS_Version:  25H2
GL_VENDOR: NVIDIA Corporation
GL_RENDERER: NVIDIA GeForce RTX 2060 SUPER/PCIe/SSE2
GL_VERSION: 4.0.0 NVIDIA 616.56
GL_SHADING_LANGUAGE_VERSION: 4.00 NVIDIA via Cg compiler
GL geometry shader winding: 0, 0, 0, 0
Available physical devices:
- NVIDIA GeForce RTX 2060 SUPER *
Selected physical device: NVIDIA GeForce RTX 2060 SUPER
- Vendor: 10de, Device: 1f06
- Driver Version: 616.224.0
Enabled device extensions:
- VK_KHR_external_memory_win32
- VK_KHR_external_semaphore_win32
- VK_EXT_custom_border_color
- VK_EXT_memory_budget
VK geometry shader winding: 0, 0, 0, 0
dsound: warning: Voice is not playing
